========================================
AUTOMATED BACKUP SYSTEM - ACTIVITY LOG
========================================

[INFO] Backup system initialized.
[INFO] Configuration file loaded successfully.
[INFO] Source directory verified: /root/automated-backup-system/test-data
[INFO] Backup directory verified: /root/automated-backup-system/backups/archives

[INFO] Backup process started.
[INFO] Checking available disk space...
[INFO] Disk space check passed.
[INFO] Creating compressed TAR.GZ archive...
[INFO] Backup archive created successfully.
[INFO] Backup file: backup_2026-09-13_12-30-01.tar.gz
[INFO] Backup size: 12K
[INFO] Generating SHA-256 checksum...
[INFO] SHA-256 checksum generated successfully.
[INFO] Backup integrity verification completed.
[SUCCESS] Backup operation completed successfully.

----------------------------------------

[INFO] Backup process started.
[INFO] Source data verified.
[INFO] Disk space check passed.
[INFO] Creating compressed backup archive...
[INFO] Backup archive created successfully.
[INFO] Backup file: backup_2026-09-13_13-00-01.tar.gz
[INFO] Backup size: 12K
[INFO] SHA-256 checksum generated successfully.
[SUCCESS] Backup operation completed successfully.

----------------------------------------

[INFO] Restore operation initiated.
[INFO] Backup archive selected for restoration.
[INFO] Verifying SHA-256 checksum...
[SUCCESS] Checksum verification successful.
[INFO] Restore directory created.
[INFO] Extracting backup archive...
[SUCCESS] Backup restored successfully.
[INFO] Restored files verified successfully.

----------------------------------------

[INFO] Cleanup process started.
[INFO] Retention policy: 7 days.
[INFO] Searching for expired backup archives...
[INFO] Expired backup files removed.
[SUCCESS] Cleanup operation completed successfully.

----------------------------------------

[INFO] Cron scheduler verified.
[INFO] Automated backup schedule configured.
[INFO] Next scheduled backup: 02:00 AM.
[INFO] Next scheduled cleanup: 02:30 AM.

========================================
[SUCCESS] BACKUP SYSTEM STATUS: OPERATIONAL
========================================
